2026-05-16 11:58:46 - carbontracker version 2.4.4
2026-05-16 11:58:46 - Only predicted and actual consumptions are multiplied by a PUE coefficient of 1.58 (Daniel Bizo, 2023, Uptime Institute Global Data Center Survey).
2026-05-16 11:58:46 - The following components were found: GPU with device(s) GPU, ANE. CPU with device(s) CPU.
2026-05-16 11:58:46 - Monitoring thread started.
2026-05-16 12:11:22 - Epoch 1:
2026-05-16 12:11:22 - Duration: 0:12:35.51
2026-05-16 12:11:22 - Average power usage (W) for gpu: None
2026-05-16 12:11:22 - Average power usage (W) for cpu: None
2026-05-16 12:25:18 - Epoch 2:
2026-05-16 12:25:18 - Duration: 0:13:05.17
2026-05-16 12:25:18 - Average power usage (W) for gpu: None
2026-05-16 12:25:18 - Average power usage (W) for cpu: None
2026-05-16 12:39:51 - Epoch 3:
2026-05-16 12:39:51 - Duration: 0:13:40.86
2026-05-16 12:39:51 - Average power usage (W) for gpu: None
2026-05-16 12:39:51 - Average power usage (W) for cpu: None
2026-05-16 12:53:44 - Epoch 4:
2026-05-16 12:53:44 - Duration: 0:12:55.88
2026-05-16 12:53:44 - Average power usage (W) for gpu: None
2026-05-16 12:53:44 - Average power usage (W) for cpu: None
2026-05-16 13:07:21 - Epoch 5:
2026-05-16 13:07:21 - Duration: 0:12:45.94
2026-05-16 13:07:21 - Average power usage (W) for gpu: None
2026-05-16 13:07:21 - Average power usage (W) for cpu: None
2026-05-16 13:07:21 - Carbon intensities (gCO2eq/kWh) fetched every 900 s at detected location Barcelona, Catalonia, ES: [146.15356]
2026-05-16 13:07:21 - Monitoring thread ended.
